#-----------------------------------------------------------
# Vivado v2020.2 (64-bit)
# SW Build 3064766 on Wed Nov 18 09:12:47 MST 2020
# IP Build 3064653 on Wed Nov 18 14:17:31 MST 2020
# Start of session at: Thu Apr 15 21:54:30 2021
# Process ID: 27308
# Current directory: /home/robertsc/Documents/labDigitales/laboratorio-1-jimenez-sanchez
# Command line: vivado
# Log file: /home/robertsc/Documents/labDigitales/laboratorio-1-jimenez-sanchez/vivado.log
# Journal file: /home/robertsc/Documents/labDigitales/laboratorio-1-jimenez-sanchez/vivado.jou
#-----------------------------------------------------------
start_gui
open_project /home/robertsc/Ie424/vivado/picorv32.xpr
update_compile_order -fileset sources_1
export_ip_user_files -of_objects  [get_files /home/robertsc/Documents/labDigitales/laboratorio-1-jimenez-sanchez/src/firmware/firmware.hex] -no_script -reset -force -quiet
remove_files  /home/robertsc/Documents/labDigitales/laboratorio-1-jimenez-sanchez/src/firmware/firmware.hex
export_ip_user_files -of_objects  [get_files /home/robertsc/Documents/labDigitales/laboratorio-1-jimenez-sanchez/src/firmware/firmware.hex] -no_script -reset -force -quiet
remove_files  -fileset sim_1 /home/robertsc/Documents/labDigitales/laboratorio-1-jimenez-sanchez/src/firmware/firmware.hex
add_files -norecurse /home/robertsc/Documents/labDigitales/laboratorio-1-jimenez-sanchez/src/firmware/firmware.hex
set_property SOURCE_SET sources_1 [get_filesets sim_1]
add_files -fileset sim_1 -norecurse /home/robertsc/Documents/labDigitales/laboratorio-1-jimenez-sanchez/src/firmware/firmware.hex
launch_simulation
source system_tb.tcl
restart
run 200 ms
current_wave_config {Untitled 1}
add_wave {{/system_tb/uut/picorv32_core/reg_pc}} 
current_wave_config {Untitled 1}
add_wave {{/system_tb/uut/picorv32_core/next_pc}} 
current_wave_config {Untitled 1}
add_wave {{/system_tb/uut/picorv32_core/dbg_ascii_instr}} 
current_wave_config {Untitled 1}
add_wave {{/system_tb/uut/picorv32_core/dbg_insn_opcode}} 
current_wave_config {Untitled 1}
add_wave {{/system_tb/uut/picorv32_core/dbg_insn_rs1}} 
current_wave_config {Untitled 1}
add_wave {{/system_tb/uut/picorv32_core/dbg_insn_rs2}} 
current_wave_config {Untitled 1}
add_wave {{/system_tb/uut/picorv32_core/dbg_insn_rd}} 
current_wave_config {Untitled 1}
add_wave {{/system_tb/uut/picorv32_core/cpuregs_wrdata}} 
current_wave_config {Untitled 1}
add_wave {{/system_tb/uut/picorv32_core/cpuregs}} 
restart
run 200 ms
save_wave_config {/home/robertsc/Ie424/system_tb_behav.wcfg}
add_files -fileset sim_1 -norecurse /home/robertsc/Ie424/system_tb_behav.wcfg
set_property xsim.view /home/robertsc/Ie424/system_tb_behav.wcfg [get_filesets sim_1]
close_sim
