#-----------------------------------------------------------
# Vivado v2020.2 (64-bit)
# SW Build 3064766 on Wed Nov 18 09:12:47 MST 2020
# IP Build 3064653 on Wed Nov 18 14:17:31 MST 2020
# Start of session at: Wed Apr 14 20:16:06 2021
# Process ID: 10063
# Current directory: /home/robertsc/Documents/labDigitales/laboratorio-1-jimenez-sanchez
# Command line: vivado
# Log file: /home/robertsc/Documents/labDigitales/laboratorio-1-jimenez-sanchez/vivado.log
# Journal file: /home/robertsc/Documents/labDigitales/laboratorio-1-jimenez-sanchez/vivado.jou
#-----------------------------------------------------------
start_gui
open_project /home/robertsc/Ie424/vivado/picorv32.xpr
update_compile_order -fileset sources_1
launch_simulation
source system_tb.tcl
restart
run all
close_sim
close_project
create_project project_1 . -part xc7a100tcsg324-1
set_property board_part digilentinc.com:nexys4_ddr:part0:1.1 [current_project]
add_files -norecurse /home/robertsc/Documents/labDigitales/laboratorio-1-jimenez-sanchez/src/firmware/firmware.hex
add_files -norecurse {/home/robertsc/Documents/labDigitales/laboratorio-1-jimenez-sanchez/src/verilog/system.v /home/robertsc/Documents/labDigitales/laboratorio-1-jimenez-sanchez/src/picorv32/picorv32.v}
add_files -fileset constrs_1 -norecurse /home/robertsc/Documents/labDigitales/laboratorio-1-jimenez-sanchez/src/constraints/system.xdc
update_compile_order -fileset sources_1
# Disabling source management mode.  This is to allow the top design properties to be set without GUI intervention.
set_property source_mgmt_mode None [current_project]
set_property top system [current_fileset]
# Re-enabling previously disabled source management mode.
set_property source_mgmt_mode All [current_project]
set_property SOURCE_SET sources_1 [get_filesets sim_1]
add_files -fileset sim_1 -norecurse /home/robertsc/Documents/labDigitales/laboratorio-1-jimenez-sanchez/src/firmware/firmware.hex
add_files -fileset sim_1 -norecurse /home/robertsc/Documents/labDigitales/laboratorio-1-jimenez-sanchez/src/verilog/system_tb.v
update_compile_order -fileset sim_1
# Disabling source management mode.  This is to allow the top design properties to be set without GUI intervention.
set_property source_mgmt_mode None [current_project]
set_property top system_tb [get_filesets sim_1]
set_property top_lib xil_defaultlib [get_filesets sim_1]
# Re-enabling previously disabled source management mode.
set_property source_mgmt_mode All [current_project]
update_compile_order -fileset sim_1
launch_runs impl_1 -to_step write_bitstream -jobs 2
wait_on_run impl_1
launch_simulation
source system_tb.tcl
restart
run 200 ms
current_wave_config {Untitled 2}
add_wave {{/system_tb/out_byte}} 
open_run impl_1
close_design
close_sim
update_compile_order -fileset sim_1
update_compile_order -fileset sim_1
export_ip_user_files -of_objects  [get_files /home/robertsc/Documents/labDigitales/laboratorio-1-jimenez-sanchez/src/firmware/firmware.hex] -no_script -reset -force -quiet
remove_files  /home/robertsc/Documents/labDigitales/laboratorio-1-jimenez-sanchez/src/firmware/firmware.hex
remove_files  /home/robertsc/Documents/labDigitales/laboratorio-1-jimenez-sanchez/src/firmware/firmware.hex
export_ip_user_files -of_objects  [get_files /home/robertsc/Documents/labDigitales/laboratorio-1-jimenez-sanchez/src/firmware/firmware.hex] -no_script -reset -force -quiet
remove_files  -fileset sim_1 /home/robertsc/Documents/labDigitales/laboratorio-1-jimenez-sanchez/src/firmware/firmware.hex
set_property SOURCE_SET sources_1 [get_filesets sim_1]
add_files -fileset sim_1 -norecurse /home/robertsc/Documents/labDigitales/laboratorio-1-jimenez-sanchez/src/firmware/firmware_lab1_part1.c
set_property SOURCE_SET sources_1 [get_filesets sim_1]
add_files -fileset sim_1 -norecurse /home/robertsc/Documents/labDigitales/laboratorio-1-jimenez-sanchez/src/firmware/firmware_lab1_part1.c
export_ip_user_files -of_objects  [get_files /home/robertsc/Documents/labDigitales/laboratorio-1-jimenez-sanchez/src/firmware/firmware_lab1_part1.c] -no_script -reset -force -quiet
remove_files  -fileset sim_1 /home/robertsc/Documents/labDigitales/laboratorio-1-jimenez-sanchez/src/firmware/firmware_lab1_part1.c
set_property SOURCE_SET sources_1 [get_filesets sim_1]
add_files -fileset sim_1 -norecurse /home/robertsc/Documents/labDigitales/laboratorio-1-jimenez-sanchez/src/firmware/firmware.hex
set_property SOURCE_SET sources_1 [get_filesets sim_1]
add_files -fileset sim_1 -norecurse /home/robertsc/Documents/labDigitales/laboratorio-1-jimenez-sanchez/src/firmware/firmware.hex
set_property SOURCE_SET sources_1 [get_filesets sim_1]
add_files -fileset sim_1 -norecurse /home/robertsc/Documents/labDigitales/laboratorio-1-jimenez-sanchez/src/firmware/firmware.hex
add_files -norecurse /home/robertsc/Documents/labDigitales/laboratorio-1-jimenez-sanchez/src/firmware/firmware.hex
launch_simulation
source system_tb.tcl
restart
run all
close_sim
